Archive member included to satisfy reference by file (symbol)

c:/program files (x86)/atmel/studio/7.0/toolchain/avr8/avr8-gnu-toolchain/bin/../lib/gcc/avr/5.4.0/../../../../avr/lib/avrxmega2\libm.a(addsf3.o)
                              src/Drivers/imu.o (__subsf3)
c:/program files (x86)/atmel/studio/7.0/toolchain/avr8/avr8-gnu-toolchain/bin/../lib/gcc/avr/5.4.0/../../../../avr/lib/avrxmega2\libm.a(addsf3x.o)
                              c:/program files (x86)/atmel/studio/7.0/toolchain/avr8/avr8-gnu-toolchain/bin/../lib/gcc/avr/5.4.0/../../../../avr/lib/avrxmega2\libm.a(addsf3.o) (__addsf3x)
c:/program files (x86)/atmel/studio/7.0/toolchain/avr8/avr8-gnu-toolchain/bin/../lib/gcc/avr/5.4.0/../../../../avr/lib/avrxmega2\libm.a(asin.o)
                              src/Drivers/imu.o (asin)
c:/program files (x86)/atmel/studio/7.0/toolchain/avr8/avr8-gnu-toolchain/bin/../lib/gcc/avr/5.4.0/../../../../avr/lib/avrxmega2\libm.a(atan2.o)
                              src/Drivers/imu.o (atan2)
c:/program files (x86)/atmel/studio/7.0/toolchain/avr8/avr8-gnu-toolchain/bin/../lib/gcc/avr/5.4.0/../../../../avr/lib/avrxmega2\libm.a(atan.o)
                              c:/program files (x86)/atmel/studio/7.0/toolchain/avr8/avr8-gnu-toolchain/bin/../lib/gcc/avr/5.4.0/../../../../avr/lib/avrxmega2\libm.a(atan2.o) (atan)
c:/program files (x86)/atmel/studio/7.0/toolchain/avr8/avr8-gnu-toolchain/bin/../lib/gcc/avr/5.4.0/../../../../avr/lib/avrxmega2\libm.a(cmpsf2.o)
                              src/Drivers/MahonyAHRS.o (__eqsf2)
c:/program files (x86)/atmel/studio/7.0/toolchain/avr8/avr8-gnu-toolchain/bin/../lib/gcc/avr/5.4.0/../../../../avr/lib/avrxmega2\libm.a(divsf3.o)
                              src/Drivers/imu.o (__divsf3)
c:/program files (x86)/atmel/studio/7.0/toolchain/avr8/avr8-gnu-toolchain/bin/../lib/gcc/avr/5.4.0/../../../../avr/lib/avrxmega2\libm.a(divsf3x.o)
                              c:/program files (x86)/atmel/studio/7.0/toolchain/avr8/avr8-gnu-toolchain/bin/../lib/gcc/avr/5.4.0/../../../../avr/lib/avrxmega2\libm.a(divsf3.o) (__divsf3x)
c:/program files (x86)/atmel/studio/7.0/toolchain/avr8/avr8-gnu-toolchain/bin/../lib/gcc/avr/5.4.0/../../../../avr/lib/avrxmega2\libm.a(fixsfsi.o)
                              src/Drivers/mpu9250.o (__fixsfsi)
c:/program files (x86)/atmel/studio/7.0/toolchain/avr8/avr8-gnu-toolchain/bin/../lib/gcc/avr/5.4.0/../../../../avr/lib/avrxmega2\libm.a(fixunssfsi.o)
                              c:/program files (x86)/atmel/studio/7.0/toolchain/avr8/avr8-gnu-toolchain/bin/../lib/gcc/avr/5.4.0/../../../../avr/lib/avrxmega2\libm.a(fixsfsi.o) (__fixunssfsi)
c:/program files (x86)/atmel/studio/7.0/toolchain/avr8/avr8-gnu-toolchain/bin/../lib/gcc/avr/5.4.0/../../../../avr/lib/avrxmega2\libm.a(floatsisf.o)
                              src/Drivers/imu.o (__floatunsisf)
c:/program files (x86)/atmel/studio/7.0/toolchain/avr8/avr8-gnu-toolchain/bin/../lib/gcc/avr/5.4.0/../../../../avr/lib/avrxmega2\libm.a(fp_arccos.o)
                              c:/program files (x86)/atmel/studio/7.0/toolchain/avr8/avr8-gnu-toolchain/bin/../lib/gcc/avr/5.4.0/../../../../avr/lib/avrxmega2\libm.a(asin.o) (__fp_arccos)
c:/program files (x86)/atmel/studio/7.0/toolchain/avr8/avr8-gnu-toolchain/bin/../lib/gcc/avr/5.4.0/../../../../avr/lib/avrxmega2\libm.a(fp_cmp.o)
                              c:/program files (x86)/atmel/studio/7.0/toolchain/avr8/avr8-gnu-toolchain/bin/../lib/gcc/avr/5.4.0/../../../../avr/lib/avrxmega2\libm.a(cmpsf2.o) (__fp_cmp)
c:/program files (x86)/atmel/studio/7.0/toolchain/avr8/avr8-gnu-toolchain/bin/../lib/gcc/avr/5.4.0/../../../../avr/lib/avrxmega2\libm.a(fp_inf.o)
                              c:/program files (x86)/atmel/studio/7.0/toolchain/avr8/avr8-gnu-toolchain/bin/../lib/gcc/avr/5.4.0/../../../../avr/lib/avrxmega2\libm.a(addsf3x.o) (__fp_inf)
c:/program files (x86)/atmel/studio/7.0/toolchain/avr8/avr8-gnu-toolchain/bin/../lib/gcc/avr/5.4.0/../../../../avr/lib/avrxmega2\libm.a(fp_nan.o)
                              c:/program files (x86)/atmel/studio/7.0/toolchain/avr8/avr8-gnu-toolchain/bin/../lib/gcc/avr/5.4.0/../../../../avr/lib/avrxmega2\libm.a(addsf3x.o) (__fp_nan)
c:/program files (x86)/atmel/studio/7.0/toolchain/avr8/avr8-gnu-toolchain/bin/../lib/gcc/avr/5.4.0/../../../../avr/lib/avrxmega2\libm.a(fp_powser.o)
                              c:/program files (x86)/atmel/studio/7.0/toolchain/avr8/avr8-gnu-toolchain/bin/../lib/gcc/avr/5.4.0/../../../../avr/lib/avrxmega2\libm.a(atan.o) (__fp_powser)
c:/program files (x86)/atmel/studio/7.0/toolchain/avr8/avr8-gnu-toolchain/bin/../lib/gcc/avr/5.4.0/../../../../avr/lib/avrxmega2\libm.a(fp_powsodd.o)
                              c:/program files (x86)/atmel/studio/7.0/toolchain/avr8/avr8-gnu-toolchain/bin/../lib/gcc/avr/5.4.0/../../../../avr/lib/avrxmega2\libm.a(asin.o) (__fp_powsodd)
[...]
Memory Configuration

Name             Origin             Length             Attributes
text             0x00000000         0x00100000         xr
data             0x00802000         0x0000ffa0         rw !x
eeprom           0x00810000         0x00010000         rw !x
fuse             0x00820000         0x00000006         rw !x
lock             0x00830000         0x00000400         rw !x
signature        0x00840000         0x00000400         rw !x
user_signatures  0x00850000         0x00000400         rw !x
*default*        0x00000000         0xffffffff

Linker script and memory map

LOAD C:/Program Files (x86)/Atmel/Studio/7.0/Packs/atmel/XMEGAA_DFP/1.1.68/gcc/dev/atxmega32a4u/avrxmega2/crtatxmega32a4u.o
LOAD src/ASF/common/utils/stdio/read.o
LOAD src/ASF/xmega/drivers/adc/adc.o
LOAD src/ASF/xmega/drivers/twi/twim.o
LOAD src/ASF/xmega/drivers/twi/twis.o
LOAD src/ASF/xmega/drivers/usart/usart.o
LOAD src/Drivers/adc.o
LOAD src/Drivers/imu.o
LOAD src/Drivers/MahonyAHRS.o
LOAD src/Drivers/mpu9250.o
LOAD src/Drivers/uart.o
LOAD src/ASF/xmega/drivers/adc/xmega_aau/adc_aau.o
LOAD src/ASF/common/utils/stdio/write.o
LOAD src/ASF/common/services/spi/xmega_spi/spi_master.o
LOAD src/ASF/common/services/sleepmgr/xmega/sleepmgr.o
LOAD src/ASF/common/services/serial/usart_serial.o
LOAD src/ASF/common/services/ioport/xmega/ioport_compat.o
LOAD src/ASF/common/services/clock/xmega/sysclk.o
LOAD src/ASF/xmega/drivers/nvm/nvm.o
LOAD src/ASF/xmega/drivers/spi/spi.o
LOAD src/ASF/xmega/drivers/nvm/nvm_asm.o
LOAD src/ASF/xmega/drivers/cpu/ccp.o
LOAD src/ASF/common/boards/user_board/init.o
LOAD src/main.o
START GROUP
LOAD c:/program files (x86)/atmel/studio/7.0/toolchain/avr8/avr8-gnu-toolchain/bin/../lib/gcc/avr/5.4.0/../../../../avr/lib/avrxmega2\libm.a
END GROUP
START GROUP
LOAD c:/program files (x86)/atmel/studio/7.0/toolchain/avr8/avr8-gnu-toolchain/bin/../lib/gcc/avr/5.4.0/avrxmega2\libgcc.a
LOAD c:/program files (x86)/atmel/studio/7.0/toolchain/avr8/avr8-gnu-toolchain/bin/../lib/gcc/avr/5.4.0/../../../../avr/lib/avrxmega2\libm.a
LOAD c:/program files (x86)/atmel/studio/7.0/toolchain/avr8/avr8-gnu-toolchain/bin/../lib/gcc/avr/5.4.0/../../../../avr/lib/avrxmega2\libc.a
LOAD C:/Program Files (x86)/Atmel/Studio/7.0/Packs/atmel/XMEGAA_DFP/1.1.68/gcc/dev/atxmega32a4u/avrxmega2\libatxmega32a4u.a
END GROUP
                0x00100000                __TEXT_REGION_LENGTH__ = DEFINED (__TEXT_REGION_LENGTH__)?__TEXT_REGION_LENGTH__:0x100000
                0x0000ffa0                __DATA_REGION_LENGTH__ = DEFINED (__DATA_REGION_LENGTH__)?__DATA_REGION_LENGTH__:0xffa0
                0x00010000                __EEPROM_REGION_LENGTH__ = DEFINED (__EEPROM_REGION_LENGTH__)?__EEPROM_REGION_LENGTH__:0x10000
                [0x00000006]                __FUSE_REGION_LENGTH__ = DEFINED (__FUSE_REGION_LENGTH__)?__FUSE_REGION_LENGTH__:0x400
                0x00000400                __LOCK_REGION_LENGTH__ = DEFINED (__LOCK_REGION_LENGTH__)?__LOCK_REGION_LENGTH__:0x400
                0x00000400                __SIGNATURE_REGION_LENGTH__ = DEFINED (__SIGNATURE_REGION_LENGTH__)?__SIGNATURE_REGION_LENGTH__:0x400
                0x00000400                __USER_SIGNATURE_REGION_LENGTH__ = DEFINED (__USER_SIGNATURE_REGION_LENGTH__)?__USER_SIGNATURE_REGION_LENGTH__:0x400

.hash
 *(.hash)

.dynsym
 *(.dynsym)

.dynstr
 *(.dynstr)

.gnu.version
 *(.gnu.version)

.gnu.version_d
 *(.gnu.version_d)

.gnu.version_r
 *(.gnu.version_r)

.rel.init
 *(.rel.init)

.rela.init
 *(.rela.init)

.rel.text
 *(.rel.text)
 *(.rel.text.*)
 *(.rel.gnu.linkonce.t*)

.rela.text
 *(.rela.text)
 *(.rela.text.*)
 *(.rela.gnu.linkonce.t*)

.rel.fini
 *(.rel.fini)

.rela.fini
 *(.rela.fini)

.rel.rodata
 *(.rel.rodata)
 *(.rel.rodata.*)
 *(.rel.gnu.linkonce.r*)

.rela.rodata
 *(.rela.rodata)
 *(.rela.rodata.*)
 *(.rela.gnu.linkonce.r*)

.rel.data
 *(.rel.data)
 *(.rel.data.*)
 *(.rel.gnu.linkonce.d*)

.rela.data
 *(.rela.data)
 *(.rela.data.*)
 *(.rela.gnu.linkonce.d*)

.rel.ctors
 *(.rel.ctors)

.rela.ctors
 *(.rela.ctors)

.rel.dtors
 *(.rel.dtors)

.rela.dtors
 *(.rela.dtors)

.rel.got
 *(.rel.got)

.rela.got
 *(.rela.got)

.rel.bss
 *(.rel.bss)

.rela.bss
 *(.rela.bss)

.rel.plt
 *(.rel.plt)

.rela.plt
 *(.rela.plt)

.text           0x00000000     0x4ec0
 *(.vectors)
 .vectors       0x00000000      0x1fc C:/Program Files (x86)/Atmel/Studio/7.0/Packs/atmel/XMEGAA_DFP/1.1.68/gcc/dev/atxmega32a4u/avrxmega2/crtatxmega32a4u.o
                0x00000000                __vector_default
                0x00000000                __vectors
 *(.vectors)
 *(.progmem.gcc*)
 .progmem.gcc_fplib
                0x000001fc       0x14 c:/program files (x86)/atmel/studio/7.0/toolchain/avr8/avr8-gnu-toolchain/bin/../lib/gcc/avr/5.4.0/../../../../avr/lib/avrxmega2\libm.a(asin.o)
 .progmem.gcc_fplib
                0x00000210       0x2d c:/program files (x86)/atmel/studio/7.0/toolchain/avr8/avr8-gnu-toolchain/bin/../lib/gcc/avr/5.4.0/../../../../avr/lib/avrxmega2\libm.a(atan.o)
 .progmem.gcc_fplib
                0x0000023d       0x28 c:/program files (x86)/atmel/studio/7.0/toolchain/avr8/avr8-gnu-toolchain/bin/../lib/gcc/avr/5.4.0/../../../../avr/lib/avrxmega2\libm.a(fp_arccos.o)
                0x00000266                . = ALIGN (0x2)
 *fill*         0x00000265        0x1 
                0x00000266                __trampolines_start = .
 *(.trampolines)
 .trampolines   0x00000266        0x0 linker stubs
 *(.trampolines*)
                0x00000266                __trampolines_end = .
 *libprintf_flt.a:*(.progmem.data)
 *libc.a:*(.progmem.data)
 *(.progmem*)
                0x00000266                . = ALIGN (0x2)
 *(.jumptables)
 *(.jumptables*)
 *(.lowtext)
 *(.lowtext*)
                0x00000266                __ctors_start = .
 *(.ctors)
                0x00000266                __ctors_end = .
                0x00000266                __dtors_start = .
 *(.dtors)
                0x00000266                __dtors_end = .
 SORT(*)(.ctors)
 SORT(*)(.dtors)
 *(.init0)
 .init0         0x00000266        0x0 C:/Program Files (x86)/Atmel/Studio/7.0/Packs/atmel/XMEGAA_DFP/1.1.68/gcc/dev/atxmega32a4u/avrxmega2/crtatxmega32a4u.o
                0x00000266                __init
 *(.init0)
 *(.init1)
 *(.init1)
 *(.init2)
 .init2         0x00000266        0xc C:/Program Files (x86)/Atmel/Studio/7.0/Packs/atmel/XMEGAA_DFP/1.1.68/gcc/dev/atxmega32a4u/avrxmega2/crtatxmega32a4u.o
 *(.init2)
 *(.init3)
 *(.init3)
 *(.init4)
 .init4         0x00000272       0x16 c:/program files (x86)/atmel/studio/7.0/toolchain/avr8/avr8-gnu-toolchain/bin/../lib/gcc/avr/5.4.0/avrxmega2\libgcc.a(_copy_data.o)
                0x00000272                __do_copy_data
 .init4         0x00000288       0x10 c:/program files (x86)/atmel/studio/7.0/toolchain/avr8/avr8-gnu-toolchain/bin/../lib/gcc/avr/5.4.0/avrxmega2\libgcc.a(_clear_bss.o)
                0x00000288                __do_clear_bss
 *(.init4)
 *(.init5)
 *(.init5)
 *(.init6)
 *(.init6)
 *(.init7)
 *(.init7)
 *(.init8)
 *(.init8)
 *(.init9)
 .init9         0x00000298        0x8 C:/Program Files (x86)/Atmel/Studio/7.0/Packs/atmel/XMEGAA_DFP/1.1.68/gcc/dev/atxmega32a4u/avrxmega2/crtatxmega32a4u.o
 *(.init9)
 *(.text)
 .text          0x000002a0        0x2 C:/Program Files (x86)/Atmel/Studio/7.0/Packs/atmel/XMEGAA_DFP/1.1.68/gcc/dev/atxmega32a4u/avrxmega2/crtatxmega32a4u.o
                0x000002a0                __vector_38
                0x000002a0                __vector_104
                0x000002a0                __vector_22
                0x000002a0                __vector_63
                0x000002a0                __vector_28
                0x000002a0                __vector_67
                0x000002a0                __vector_1
                0x000002a0                __vector_119
                0x000002a0                __vector_32
                0x000002a0                __vector_75
                0x000002a0                __vector_91
                0x000002a0                __vector_34
                0x000002a0                __vector_62
                0x000002a0                __vector_77
                0x000002a0                __vector_102
                0x000002a0                __vector_24
                0x000002a0                __vector_12
                0x000002a0                __vector_55
                0x000002a0                __vector_69
                0x000002a0                __vector_81
                0x000002a0                __vector_90
                0x000002a0                __bad_interrupt
                0x000002a0                __vector_122
                0x000002a0                __vector_114
                0x000002a0                __vector_6
                0x000002a0                __vector_110
                0x000002a0                __vector_31
                0x000002a0                __vector_92
                0x000002a0                __vector_35
                0x000002a0                __vector_78
                0x000002a0                __vector_117
                0x000002a0                __vector_39
                0x000002a0                __vector_107
                0x000002a0                __vector_3
                0x000002a0                __vector_105
                0x000002a0                __vector_98
                0x000002a0                __vector_23
                0x000002a0                __vector_68
                0x000002a0                __vector_30
                0x000002a0                __vector_45
                0x000002a0                __vector_25
                0x000002a0                __vector_93
                0x000002a0                __vector_61
                0x000002a0                __vector_11
                0x000002a0                __vector_54
                0x000002a0                __vector_99
                0x000002a0                __vector_17
                0x000002a0                __vector_19
                0x000002a0                __vector_56
                0x000002a0                __vector_7
                0x000002a0                __vector_125
                0x000002a0                __vector_49
                0x000002a0                __vector_123
                0x000002a0                __vector_41
                0x000002a0                __vector_86
                0x000002a0                __vector_100
                0x000002a0                __vector_101
                0x000002a0                __vector_88
                0x000002a0                __vector_109
                0x000002a0                __vector_43
                0x000002a0                __vector_27
                0x000002a0                __vector_5
                0x000002a0                __vector_113
                0x000002a0                __vector_33
                0x000002a0                __vector_76
                0x000002a0                __vector_115
                0x000002a0                __vector_47
                0x000002a0                __vector_52
                0x000002a0                __vector_37
                0x000002a0                __vector_95
                0x000002a0                __vector_103
                0x000002a0                __vector_96
                0x000002a0                __vector_89
                0x000002a0                __vector_108
                0x000002a0                __vector_4
                0x000002a0                __vector_44
                0x000002a0                __vector_82
                0x000002a0                __vector_106
                0x000002a0                __vector_118
                0x000002a0                __vector_51
                0x000002a0                __vector_9
                0x000002a0                __vector_2
                0x000002a0                __vector_21
                0x000002a0                __vector_15
                0x000002a0                __vector_66
                0x000002a0                __vector_36
                0x000002a0                __vector_79
                0x000002a0                __vector_58
                0x000002a0                __vector_70
                0x000002a0                __vector_83
                0x000002a0                __vector_29
                0x000002a0                __vector_60
                0x000002a0                __vector_121
                0x000002a0                __vector_40
                0x000002a0                __vector_85
                0x000002a0                __vector_94
                0x000002a0                __vector_126
                0x000002a0                __vector_8
                0x000002a0                __vector_26
                0x000002a0                __vector_48
                0x000002a0                __vector_124
                0x000002a0                __vector_116
                0x000002a0                __vector_112
                0x000002a0                __vector_111
                0x000002a0                __vector_80
                0x000002a0                __vector_14
                0x000002a0                __vector_84
                0x000002a0                __vector_57
                0x000002a0                __vector_53
                0x000002a0                __vector_10
                0x000002a0                __vector_50
                0x000002a0                __vector_16
                0x000002a0                __vector_59
                0x000002a0                __vector_18
                0x000002a0                __vector_97
                0x000002a0                __vector_20
                0x000002a0                __vector_42
                0x000002a0                __vector_87
                0x000002a0                __vector_65
                0x000002a0                __vector_120
                0x000002a2                . = ALIGN (0x2)
 *(.text.*)
 .text._read    0x000002a2       0x32 src/ASF/common/utils/stdio/read.o
                0x000002a2                _read
 .text.twim_interrupt_handler
                0x000002d4      0x12e src/ASF/xmega/drivers/twi/twim.o
 .text.__vector_13
                0x00000402       0x46 src/ASF/xmega/drivers/twi/twim.o
                0x00000402                __vector_13
 .text.__vector_46
                0x00000448       0x46 src/ASF/xmega/drivers/twi/twim.o
                0x00000448                __vector_46
 .text.twi_master_init
                0x0000048e       0x2a src/ASF/xmega/drivers/twi/twim.o
                0x0000048e                twi_master_init
 .text.twi_master_transfer
                0x000004b8       0xc8 src/ASF/xmega/drivers/twi/twim.o
                0x000004b8                twi_master_transfer
 .text.usart_putchar
                0x00000580       0x10 src/ASF/xmega/drivers/usart/usart.o
                0x00000580                usart_putchar
 .text.usart_getchar
                0x00000590        0xc src/ASF/xmega/drivers/usart/usart.o
                0x00000590                usart_getchar
 .text.usart_set_baudrate
                0x0000059c      0x226 src/ASF/xmega/drivers/usart/usart.o
                0x0000059c                usart_set_baudrate
 .text.usart_init_rs232
                0x000007c2      0x202 src/ASF/xmega/drivers/usart/usart.o
                0x000007c2                usart_init_rs232
 .text.adc_init
                0x000009c4       0x52 src/Drivers/adc.o
                0x000009c4                adc_init
 .text.adc_read
                0x00000a16       0x1c src/Drivers/adc.o
                0x00000a16                adc_read
 .text.init_imu
                0x00000a32        0x8 src/Drivers/imu.o
                0x00000a32                init_imu
 .text.imu_update
                0x00000a3a      0x7d8 src/Drivers/imu.o
                0x00000a3a                imu_update
 .text.invSqrt  0x00001212       0x76 src/Drivers/MahonyAHRS.o
                0x00001212                invSqrt
 .text.MahonyAHRSupdateIMU
                0x00001288      0xa02 src/Drivers/MahonyAHRS.o
                0x00001288                MahonyAHRSupdateIMU
 .text.MahonyAHRSupdate
                0x00001c8a     0x1070 src/Drivers/MahonyAHRS.o
                0x00001c8a                MahonyAHRSupdate
 .text.__portable_avr_delay_cycles
                0x00002cfa       0x16 src/Drivers/mpu9250.o
 .text.mpu9250_ODR_init
                0x00002d10       0x3e src/Drivers/mpu9250.o
                0x00002d10                mpu9250_ODR_init
 .text.mpu9250_gyro_init
                0x00002d4e       0x7c src/Drivers/mpu9250.o
                0x00002d4e                mpu9250_gyro_init
 .text.mpu9250_acc_init
                0x00002dca       0x7c src/Drivers/mpu9250.o
                0x00002dca                mpu9250_acc_init
 .text.mpu9250_mag_cal
                0x00002e46      0x286 src/Drivers/mpu9250.o
                0x00002e46                mpu9250_mag_cal
 .text.mpu9250_mag_init
                0x000030cc      0x1d6 src/Drivers/mpu9250.o
                0x000030cc                mpu9250_mag_init
 .text.mpu9250_int_init
                0x000032a2       0x7c src/Drivers/mpu9250.o
                0x000032a2                mpu9250_int_init
 .text.init_mpu9250
                0x0000331e       0xdc src/Drivers/mpu9250.o
                0x0000331e                init_mpu9250
 .text.read_mpu9250
                0x000033fa      0x31a src/Drivers/mpu9250.o
                0x000033fa                read_mpu9250
 .text.__vector_64
                0x00003714       0x54 src/Drivers/mpu9250.o
                0x00003714                __vector_64
 .text.usart_serial_getchar
                0x00003768       0x12 src/Drivers/uart.o
 .text.usart_serial_putchar
                0x0000377a        0x6 src/Drivers/uart.o
 .text.uart_sd_init
                0x00003780       0x8c src/Drivers/uart.o
                0x00003780                uart_sd_init
 .text.__vector_71
                0x0000380c       0x5c src/ASF/xmega/drivers/adc/xmega_aau/adc_aau.o
                0x0000380c                __vector_71
 .text.__vector_72
                0x00003868       0x5c src/ASF/xmega/drivers/adc/xmega_aau/adc_aau.o
                0x00003868                __vector_72
 .text.__vector_73
                0x000038c4       0x5c src/ASF/xmega/drivers/adc/xmega_aau/adc_aau.o
                0x000038c4                __vector_73
 .text.__vector_74
                0x00003920       0x5c src/ASF/xmega/drivers/adc/xmega_aau/adc_aau.o
                0x00003920                __vector_74
 .text._write   0x0000397c       0x24 src/ASF/common/utils/stdio/write.o
                0x0000397c                _write
 .text.sysclk_init
                0x000039a0       0x68 src/ASF/common/services/clock/xmega/sysclk.o
                0x000039a0                sysclk_init
 .text.sysclk_enable_module
                0x00003a08       0x2c src/ASF/common/services/clock/xmega/sysclk.o
                0x00003a08                sysclk_enable_module
 .text.nvm_read_byte
                0x00003a34       0x14 src/ASF/xmega/drivers/nvm/nvm_asm.o
                0x00003a34                nvm_read_byte
 .text.ccp_write_io
                0x00003a48        0xc src/ASF/xmega/drivers/cpu/ccp.o
                0x00003a48                ccp_write_io
 .text.board_init
                0x00003a54        0x2 src/ASF/common/boards/user_board/init.o
                0x00003a54                board_init
 .text.__portable_avr_delay_cycles
                0x00003a56       0x16 src/main.o
 .text.sysclk_enable_peripheral_clock
                0x00003a6c      0x182 src/main.o
 .text.main     0x00003bee      0x2d2 src/main.o
                0x00003bee                main
 .text.avr-libc.fplib
                0x00003ec0        0xa c:/program files (x86)/atmel/studio/7.0/toolchain/avr8/avr8-gnu-toolchain/bin/../lib/gcc/avr/5.4.0/../../../../avr/lib/avrxmega2\libm.a(addsf3.o)
                0x00003ec0                __subsf3
                0x00003ec2                __addsf3
 .text.avr-libc.fplib
                0x00003eca       0xc0 c:/program files (x86)/atmel/studio/7.0/toolchain/avr8/avr8-gnu-toolchain/bin/../lib/gcc/avr/5.4.0/../../../../avr/lib/avrxmega2\libm.a(addsf3x.o)
                0x00003ee4                __addsf3x
 .text.avr-libc.fplib
                0x00003f8a       0x2e c:/program files (x86)/atmel/studio/7.0/toolchain/avr8/avr8-gnu-toolchain/bin/../lib/gcc/avr/5.4.0/../../../../avr/lib/avrxmega2\libm.a(asin.o)
                0x00003f8a                asin
 .text.avr-libc.fplib
                0x00003fb8       0x74 c:/program files (x86)/atmel/studio/7.0/toolchain/avr8/avr8-gnu-toolchain/bin/../lib/gcc/avr/5.4.0/../../../../avr/lib/avrxmega2\libm.a(atan2.o)
                0x00003fd6                atan2
 .text.avr-libc.fplib
                0x0000402c       0x50 c:/program files (x86)/atmel/studio/7.0/toolchain/avr8/avr8-gnu-toolchain/bin/../lib/gcc/avr/5.4.0/../../../../avr/lib/avrxmega2\libm.a(atan.o)
                0x0000402c                atan
 .text.avr-libc.fplib
                0x0000407c        0x8 c:/program files (x86)/atmel/studio/7.0/toolchain/avr8/avr8-gnu-toolchain/bin/../lib/gcc/avr/5.4.0/../../../../avr/lib/avrxmega2\libm.a(cmpsf2.o)
                0x0000407c                __nesf2
                0x0000407c                __eqsf2
                0x0000407c                __cmpsf2
                0x0000407c                __ltsf2
                0x0000407c                __lesf2
 .text.avr-libc.fplib
                0x00004084        0x4 c:/program files (x86)/atmel/studio/7.0/toolchain/avr8/avr8-gnu-toolchain/bin/../lib/gcc/avr/5.4.0/../../../../avr/lib/avrxmega2\libm.a(divsf3.o)
                0x00004084                __divsf3
 .text.avr-libc.fplib
                0x00004088       0xcc c:/program files (x86)/atmel/studio/7.0/toolchain/avr8/avr8-gnu-toolchain/bin/../lib/gcc/avr/5.4.0/../../../../avr/lib/avrxmega2\libm.a(divsf3x.o)
                0x0000409e                __divsf3x
                0x000040a2                __divsf3_pse
 .text.avr-libc.fplib
                0x00004154        0xa c:/program files (x86)/atmel/studio/7.0/toolchain/avr8/avr8-gnu-toolchain/bin/../lib/gcc/avr/5.4.0/../../../../avr/lib/avrxmega2\libm.a(fixsfsi.o)
                0x00004154                __fixsfsi
 .text.avr-libc.fplib
                0x0000415e       0x58 c:/program files (x86)/atmel/studio/7.0/toolchain/avr8/avr8-gnu-toolchain/bin/../lib/gcc/avr/5.4.0/../../../../avr/lib/avrxmega2\libm.a(fixunssfsi.o)
                0x0000415e                __fixunssfsi
 .text.avr-libc.fplib
                0x000041b6       0x7a c:/program files (x86)/atmel/studio/7.0/toolchain/avr8/avr8-gnu-toolchain/bin/../lib/gcc/avr/5.4.0/../../../../avr/lib/avrxmega2\libm.a(floatsisf.o)
                0x000041b6                __floatunsisf
                0x000041ba                __floatsisf
 .text.avr-libc.fplib
                0x00004230       0x36 c:/program files (x86)/atmel/studio/7.0/toolchain/avr8/avr8-gnu-toolchain/bin/../lib/gcc/avr/5.4.0/../../../../avr/lib/avrxmega2\libm.a(fp_arccos.o)
                0x00004230                __fp_arccos
 .text.avr-libc.fplib
                0x00004266       0x48 c:/program files (x86)/atmel/studio/7.0/toolchain/avr8/avr8-gnu-toolchain/bin/../lib/gcc/avr/5.4.0/../../../../avr/lib/avrxmega2\libm.a(fp_cmp.o)
                0x00004266                __fp_cmp
 .text.avr-libc.fplib
                0x000042ae        0xc c:/program files (x86)/atmel/studio/7.0/toolchain/avr8/avr8-gnu-toolchain/bin/../lib/gcc/avr/5.4.0/../../../../avr/lib/avrxmega2\libm.a(fp_inf.o)
                0x000042ae                __fp_inf
 .text.avr-libc.fplib
                0x000042ba        0x6 c:/program files (x86)/atmel/studio/7.0/toolchain/avr8/avr8-gnu-toolchain/bin/../lib/gcc/avr/5.4.0/../../../../avr/lib/avrxmega2\libm.a(fp_nan.o)
                0x000042ba                __fp_nan
 .text.avr-libc.fplib
                0x000042c0       0x4a c:/program files (x86)/atmel/studio/7.0/toolchain/avr8/avr8-gnu-toolchain/bin/../lib/gcc/avr/5.4.0/../../../../avr/lib/avrxmega2\libm.a(fp_powser.o)
                0x000042c0                __fp_powser
 .text.avr-libc.fplib
                0x0000430a       0x22 c:/program files (x86)/atmel/studio/7.0/toolchain/avr8/avr8-gnu-toolchain/bin/../lib/gcc/avr/5.4.0/../../../../avr/lib/avrxmega2\libm.a(fp_powsodd.o)
                0x0000430a                __fp_powsodd
 .text.avr-libc.fplib
                0x0000432c        0xe c:/program files (x86)/atmel/studio/7.0/toolchain/avr8/avr8-gnu-toolchain/bin/../lib/gcc/avr/5.4.0/../../../../avr/lib/avrxmega2\libm.a(fp_pscA.o)
                0x0000432c                __fp_pscA
 .text.avr-libc.fplib
                0x0000433a        0xe c:/program files (x86)/atmel/studio/7.0/toolchain/avr8/avr8-gnu-toolchain/bin/../lib/gcc/avr/5.4.0/../../../../avr/lib/avrxmega2\libm.a(fp_pscB.o)
                0x0000433a                __fp_pscB
 .text.avr-libc.fplib
                0x00004348       0x22 c:/program files (x86)/atmel/studio/7.0/toolchain/avr8/avr8-gnu-toolchain/bin/../lib/gcc/avr/5.4.0/../../../../avr/lib/avrxmega2\libm.a(fp_round.o)
                0x00004348                __fp_round
 .text.avr-libc.fplib
                0x0000436a       0x44 c:/program files (x86)/atmel/studio/7.0/toolchain/avr8/avr8-gnu-toolchain/bin/../lib/gcc/avr/5.4.0/../../../../avr/lib/avrxmega2\libm.a(fp_split3.o)
                0x0000436a                __fp_split3
                0x0000437a                __fp_splitA
 .text.avr-libc.fplib
                0x000043ae        0xe c:/program files (x86)/atmel/studio/7.0/toolchain/avr8/avr8-gnu-toolchain/bin/../lib/gcc/avr/5.4.0/../../../../avr/lib/avrxmega2\libm.a(fp_zero.o)
                0x000043ae                __fp_zero
                0x000043b0                __fp_szero
 .text.avr-libc.fplib
                0x000043bc        0x8 c:/program files (x86)/atmel/studio/7.0/toolchain/avr8/avr8-gnu-toolchain/bin/../lib/gcc/avr/5.4.0/../../../../avr/lib/avrxmega2\libm.a(gesf2.o)
                0x000043bc                __gesf2
                0x000043bc                __gtsf2
 .text.avr-libc.fplib
                0x000043c4        0xe c:/program files (x86)/atmel/studio/7.0/toolchain/avr8/avr8-gnu-toolchain/bin/../lib/gcc/avr/5.4.0/../../../../avr/lib/avrxmega2\libm.a(inverse.o)
                0x000043c4                inverse
 .text.avr-libc.fplib
                0x000043d2        0x4 c:/program files (x86)/atmel/studio/7.0/toolchain/avr8/avr8-gnu-toolchain/bin/../lib/gcc/avr/5.4.0/../../../../avr/lib/avrxmega2\libm.a(mulsf3.o)
                0x000043d2                __mulsf3
 .text.avr-libc.fplib
                0x000043d6       0xc2 c:/program files (x86)/atmel/studio/7.0/toolchain/avr8/avr8-gnu-toolchain/bin/../lib/gcc/avr/5.4.0/../../../../avr/lib/avrxmega2\libm.a(mulsf3x.o)
                0x000043ea                __mulsf3x
                0x000043ee                __mulsf3_pse
 .text.avr-libc.fplib
                0x00004498       0x84 c:/program files (x86)/atmel/studio/7.0/toolchain/avr8/avr8-gnu-toolchain/bin/../lib/gcc/avr/5.4.0/../../../../avr/lib/avrxmega2\libm.a(sqrt.o)
                0x000044a0                sqrtf
                0x000044a0                sqrt
 .text.avr-libc.fplib
                0x0000451c        0x6 c:/program files (x86)/atmel/studio/7.0/toolchain/avr8/avr8-gnu-toolchain/bin/../lib/gcc/avr/5.4.0/../../../../avr/lib/avrxmega2\libm.a(square.o)
                0x0000451c                square
 .text.avr-libc.fplib
                0x00004522       0x1c c:/program files (x86)/atmel/studio/7.0/toolchain/avr8/avr8-gnu-toolchain/bin/../lib/gcc/avr/5.4.0/../../../../avr/lib/avrxmega2\libm.a(fp_mpack.o)
                0x00004522                __fp_mpack
                0x00004526                __fp_mpack_finite
 .text.avr-libc.fplib
                0x0000453e        0xe c:/program files (x86)/atmel/studio/7.0/toolchain/avr8/avr8-gnu-toolchain/bin/../lib/gcc/avr/5.4.0/../../../../avr/lib/avrxmega2\libm.a(fp_norm2.o)
                0x0000453e                __fp_norm2
 .text.libgcc.div
                0x0000454c       0x28 c:/program files (x86)/atmel/studio/7.0/toolchain/avr8/avr8-gnu-toolchain/bin/../lib/gcc/avr/5.4.0/avrxmega2\libgcc.a(_udivmodhi4.o)
                0x0000454c                __udivmodhi4
 .text.libgcc.div
                0x00004574       0x44 c:/program files (x86)/atmel/studio/7.0/toolchain/avr8/avr8-gnu-toolchain/bin/../lib/gcc/avr/5.4.0/avrxmega2\libgcc.a(_udivmodsi4.o)
                0x00004574                __udivmodsi4
 .text.avr-libc
                0x000045b8       0x94 c:/program files (x86)/atmel/studio/7.0/toolchain/avr8/avr8-gnu-toolchain/bin/../lib/gcc/avr/5.4.0/../../../../avr/lib/avrxmega2\libc.a(fdevopen.o)
                0x000045b8                fdevopen
 .text.avr-libc
                0x0000464c       0x26 c:/program files (x86)/atmel/studio/7.0/toolchain/avr8/avr8-gnu-toolchain/bin/../lib/gcc/avr/5.4.0/../../../../avr/lib/avrxmega2\libc.a(printf.o)
                0x0000464c                printf
 .text.avr-libc
                0x00004672       0x60 c:/program files (x86)/atmel/studio/7.0/toolchain/avr8/avr8-gnu-toolchain/bin/../lib/gcc/avr/5.4.0/../../../../avr/lib/avrxmega2\libc.a(puts.o)
                0x00004672                puts
 .text.avr-libc
                0x000046d2      0x3a4 c:/program files (x86)/atmel/studio/7.0/toolchain/avr8/avr8-gnu-toolchain/bin/../lib/gcc/avr/5.4.0/../../../../avr/lib/avrxmega2\libc.a(vfprintf_std.o)
                0x000046d2                vfprintf
 .text.avr-libc
                0x00004a76       0x34 c:/program files (x86)/atmel/studio/7.0/toolchain/avr8/avr8-gnu-toolchain/bin/../lib/gcc/avr/5.4.0/../../../../avr/lib/avrxmega2\libc.a(calloc.o)
                0x00004a76                calloc
 .text.avr-libc
                0x00004aaa      0x242 c:/program files (x86)/atmel/studio/7.0/toolchain/avr8/avr8-gnu-toolchain/bin/../lib/gcc/avr/5.4.0/../../../../avr/lib/avrxmega2\libc.a(malloc.o)
                0x00004aaa                malloc
                0x00004bda                free
 .text.avr-libc
                0x00004cec       0x16 c:/program files (x86)/atmel/studio/7.0/toolchain/avr8/avr8-gnu-toolchain/bin/../lib/gcc/avr/5.4.0/../../../../avr/lib/avrxmega2\libc.a(strnlen_P.o)
                0x00004cec                strnlen_P
 .text.avr-libc
                0x00004d02        0xe c:/program files (x86)/atmel/studio/7.0/toolchain/avr8/avr8-gnu-toolchain/bin/../lib/gcc/avr/5.4.0/../../../../avr/lib/avrxmega2\libc.a(memset.o)
                0x00004d02                memset
 .text.avr-libc
                0x00004d10       0x16 c:/program files (x86)/atmel/studio/7.0/toolchain/avr8/avr8-gnu-toolchain/bin/../lib/gcc/avr/5.4.0/../../../../avr/lib/avrxmega2\libc.a(strnlen.o)
                0x00004d10                strnlen
 .text.avr-libc
                0x00004d26       0x78 c:/program files (x86)/atmel/studio/7.0/toolchain/avr8/avr8-gnu-toolchain/bin/../lib/gcc/avr/5.4.0/../../../../avr/lib/avrxmega2\libc.a(fputc.o)
                0x00004d26                fputc
 .text.avr-libc
                0x00004d9e       0xbc c:/program files (x86)/atmel/studio/7.0/toolchain/avr8/avr8-gnu-toolchain/bin/../lib/gcc/avr/5.4.0/../../../../avr/lib/avrxmega2\libc.a(ultoa_invert.o)
                0x00004d9e                __ultoa_invert
 .text.libgcc.prologue
                0x00004e5a       0x32 c:/program files (x86)/atmel/studio/7.0/toolchain/avr8/avr8-gnu-toolchain/bin/../lib/gcc/avr/5.4.0/avrxmega2\libgcc.a(_prologue.o)
                0x00004e5a                __prologue_saves__
 .text.libgcc.prologue
                0x00004e8c       0x30 c:/program files (x86)/atmel/studio/7.0/toolchain/avr8/avr8-gnu-toolchain/bin/../lib/gcc/avr/5.4.0/avrxmega2\libgcc.a(_epilogue.o)
                0x00004e8c                __epilogue_restores__
                0x00004ebc                . = ALIGN (0x2)
 *(.fini9)
 .fini9         0x00004ebc        0x0 c:/program files (x86)/atmel/studio/7.0/toolchain/avr8/avr8-gnu-toolchain/bin/../lib/gcc/avr/5.4.0/avrxmega2\libgcc.a(_exit.o)
                0x00004ebc                _exit
                0x00004ebc                exit
 *(.fini9)
 *(.fini8)
 *(.fini8)
 *(.fini7)
 *(.fini7)
 *(.fini6)
 *(.fini6)
 *(.fini5)
 *(.fini5)
 *(.fini4)
 *(.fini4)
 *(.fini3)
 *(.fini3)
 *(.fini2)
 *(.fini2)
 *(.fini1)
 *(.fini1)
 *(.fini0)
 .fini0         0x00004ebc        0x4 c:/program files (x86)/atmel/studio/7.0/toolchain/avr8/avr8-gnu-toolchain/bin/../lib/gcc/avr/5.4.0/avrxmega2\libgcc.a(_exit.o)
 *(.fini0)
                0x00004ec0                _etext = .

.data           0x00802000       0xe6 load address 0x00004ec0
                0x00802000                PROVIDE (__data_start, .)
 *(.data)
 .data          0x00802000        0x6 c:/program files (x86)/atmel/studio/7.0/toolchain/avr8/avr8-gnu-toolchain/bin/../lib/gcc/avr/5.4.0/../../../../avr/lib/avrxmega2\libc.a(malloc.o)
                0x00802000                __malloc_heap_end
                0x00802002                __malloc_heap_start
                0x00802004                __malloc_margin
 *(.data*)
 .data.GYR_X_OFF
                0x00802006        0x2 src/Drivers/imu.o
                0x00802006                GYR_X_OFF
 .data.ACC_Z_OFF
                0x00802008        0x2 src/Drivers/imu.o
                0x00802008                ACC_Z_OFF
 .data.ACC_Y_OFF
                0x0080200a        0x2 src/Drivers/imu.o
                0x0080200a                ACC_Y_OFF
 .data.ACC_X_OFF
                0x0080200c        0x2 src/Drivers/imu.o
                0x0080200c                ACC_X_OFF
 .data.MAG_Z_OFF
                0x0080200e        0x2 src/Drivers/imu.o
                0x0080200e                MAG_Z_OFF
 .data.MAG_Y_OFF
                0x00802010        0x2 src/Drivers/imu.o
                0x00802010                MAG_Y_OFF
 .data.MAG_X_OFF
                0x00802012        0x2 src/Drivers/imu.o
                0x00802012                MAG_X_OFF
 .data.q0       0x00802014        0x4 src/Drivers/MahonyAHRS.o
                0x00802014                q0
 .data.twoKp    0x00802018        0x4 src/Drivers/MahonyAHRS.o
                0x00802018                twoKp
 .data.readmpu9250
                0x0080201c        0xb src/Drivers/mpu9250.o
 .data.ACC_SENSITIVITY
                0x00802027        0x4 src/Drivers/mpu9250.o
 .data.GYRO_SENSITIVITY
                0x0080202b        0x4 src/Drivers/mpu9250.o
 .data.usart_config.5936
                0x0080202f        0x7 src/Drivers/uart.o
 *(.gnu.linkonce.d*)
 *(.rodata)
 *(.rodata*)
 .rodata.str1.1
                0x00802036       0xaf src/main.o
 *(.gnu.linkonce.r*)
                0x008020e6                . = ALIGN (0x2)
 *fill*         0x008020e5        0x1 
                0x008020e6                _edata = .
                0x008020e6                PROVIDE (__data_end, .)

.bss            0x008020e6      0x164
                0x008020e6                PROVIDE (__bss_start, .)
 *(.bss)
 *(.bss*)
 .bss.transfer  0x008020e6        0xb src/ASF/xmega/drivers/twi/twim.o
 .bss.GYR_Z_OFF
                0x008020f1        0x2 src/Drivers/imu.o
                0x008020f1                GYR_Z_OFF
 .bss.GYR_Y_OFF
                0x008020f3        0x2 src/Drivers/imu.o
                0x008020f3                GYR_Y_OFF
 .bss.integralFBz
                0x008020f5        0x4 src/Drivers/MahonyAHRS.o
                0x008020f5                integralFBz
 .bss.integralFBy
                0x008020f9        0x4 src/Drivers/MahonyAHRS.o
                0x008020f9                integralFBy
 .bss.integralFBx
                0x008020fd        0x4 src/Drivers/MahonyAHRS.o
                0x008020fd                integralFBx
 .bss.q3        0x00802101        0x4 src/Drivers/MahonyAHRS.o
                0x00802101                q3
 .bss.q2        0x00802105        0x4 src/Drivers/MahonyAHRS.o
                0x00802105                q2
 .bss.q1        0x00802109        0x4 src/Drivers/MahonyAHRS.o
                0x00802109                q1
 .bss.twoKi     0x0080210d        0x4 src/Drivers/MahonyAHRS.o
                0x0080210d                twoKi
 .bss.ASAZ      0x00802111        0x4 src/Drivers/mpu9250.o
 .bss.ASAY      0x00802115        0x4 src/Drivers/mpu9250.o
 .bss.ASAX      0x00802119        0x4 src/Drivers/mpu9250.o
 .bss.time      0x0080211d        0x4 src/Drivers/mpu9250.o
 .bss.timerflag
                0x00802121        0x1 src/Drivers/mpu9250.o
 .bss.data_rdy_flag
                0x00802122        0x1 src/Drivers/mpu9250.o
 .bss.mpu9250_twi_data
                0x00802123      0x100 src/Drivers/mpu9250.o
 *(COMMON)
 COMMON         0x00802223        0x2 src/ASF/common/utils/stdio/read.o
                0x00802223                ptr_get
 COMMON         0x00802225        0x2 src/ASF/xmega/drivers/adc/adc.o
                0x00802225                adca_callback
 COMMON         0x00802227       0x15 src/Drivers/imu.o
                0x00802227                data
 COMMON         0x0080223c        0x4 src/ASF/common/utils/stdio/write.o
                0x0080223c                ptr_put
                0x0080223e                stdio_base
 COMMON         0x00802240        0x6 c:/program files (x86)/atmel/studio/7.0/toolchain/avr8/avr8-gnu-toolchain/bin/../lib/gcc/avr/5.4.0/../../../../avr/lib/avrxmega2\libc.a(iob.o)
                0x00802240                __iob
 COMMON         0x00802246        0x4 c:/program files (x86)/atmel/studio/7.0/toolchain/avr8/avr8-gnu-toolchain/bin/../lib/gcc/avr/5.4.0/../../../../avr/lib/avrxmega2\libc.a(malloc.o)
                0x00802246                __brkval
                0x00802248                __flp
                0x0080224a                PROVIDE (__bss_end, .)
                0x00004ec0                __data_load_start = LOADADDR (.data)
                0x00004fa6                __data_load_end = (__data_load_start + SIZEOF (.data))

.noinit         0x0080224a        0x0
                [!provide]                PROVIDE (__noinit_start, .)
 *(.noinit*)
                [!provide]                PROVIDE (__noinit_end, .)
                0x0080224a                _end = .
                0x0080224a                PROVIDE (__heap_start, .)

.eeprom         0x00810000        0x0
 *(.eeprom*)
                0x00810000                __eeprom_end = .

.fuse
 *(.fuse)
 *(.lfuse)
 *(.hfuse)
 *(.efuse)

.lock
 *(.lock*)

.signature
 *(.signature*)

.user_signatures
 *(.user_signatures*)

.stab
 *(.stab)

.stabstr
 *(.stabstr)

.stab.excl
 *(.stab.excl)

.stab.exclstr
 *(.stab.exclstr)

.stab.index
 *(.stab.index)

.stab.indexstr
 *(.stab.indexstr)

.comment        0x00000000       0x5c
 *(.comment)
 .comment       0x00000000       0x30 src/ASF/common/utils/stdio/read.o
                                 0x31 (size before relaxing)
 .comment       0x00000030       0x31 src/ASF/xmega/drivers/adc/adc.o
 .comment       0x00000030       0x31 src/ASF/xmega/drivers/twi/twim.o
 .comment       0x00000030       0x31 src/ASF/xmega/drivers/usart/usart.o
 .comment       0x00000030       0x31 src/Drivers/adc.o
 .comment       0x00000030       0x31 src/Drivers/imu.o
 .comment       0x00000030       0x31 src/Drivers/MahonyAHRS.o
 .comment       0x00000030       0x31 src/Drivers/mpu9250.o
 .comment       0x00000030       0x31 src/Drivers/uart.o
 .comment       0x00000030       0x31 src/ASF/xmega/drivers/adc/xmega_aau/adc_aau.o
 .comment       0x00000030       0x31 src/ASF/common/utils/stdio/write.o
 .comment       0x00000030       0x31 src/ASF/common/services/clock/xmega/sysclk.o
 .comment       0x00000030       0x31 src/ASF/common/boards/user_board/init.o
 .comment       0x00000030       0x31 src/main.o
 .comment       0x00000030       0x31 c:/program files (x86)/atmel/studio/7.0/toolchain/avr8/avr8-gnu-toolchain/bin/../lib/gcc/avr/5.4.0/../../../../avr/lib/avrxmega2\libc.a(fdevopen.o)
 .comment       0x00000030       0x31 c:/program files (x86)/atmel/studio/7.0/toolchain/avr8/avr8-gnu-toolchain/bin/../lib/gcc/avr/5.4.0/../../../../avr/lib/avrxmega2\libc.a(iob.o)
 .comment       0x00000030       0x31 c:/program files (x86)/atmel/studio/7.0/toolchain/avr8/avr8-gnu-toolchain/bin/../lib/gcc/avr/5.4.0/../../../../avr/lib/avrxmega2\libc.a(printf.o)
 .comment       0x00000030       0x31 c:/program files (x86)/atmel/studio/7.0/toolchain/avr8/avr8-gnu-toolchain/bin/../lib/gcc/avr/5.4.0/../../../../avr/lib/avrxmega2\libc.a(puts.o)
 .comment       0x00000030       0x2c c:/program files (x86)/atmel/studio/7.0/toolchain/avr8/avr8-gnu-toolchain/bin/../lib/gcc/avr/5.4.0/../../../../avr/lib/avrxmega2\libc.a(vfprintf_std.o)
                                 0x2d (size before relaxing)
 .comment       0x0000005c       0x31 c:/program files (x86)/atmel/studio/7.0/toolchain/avr8/avr8-gnu-toolchain/bin/../lib/gcc/avr/5.4.0/../../../../avr/lib/avrxmega2\libc.a(calloc.o)
 .comment       0x0000005c       0x31 c:/program files (x86)/atmel/studio/7.0/toolchain/avr8/avr8-gnu-toolchain/bin/../lib/gcc/avr/5.4.0/../../../../avr/lib/avrxmega2\libc.a(malloc.o)
 .comment       0x0000005c       0x31 c:/program files (x86)/atmel/studio/7.0/toolchain/avr8/avr8-gnu-toolchain/bin/../lib/gcc/avr/5.4.0/../../../../avr/lib/avrxmega2\libc.a(fputc.o)

.note.gnu.avr.deviceinfo
                0x00000000       0x40
 .note.gnu.avr.deviceinfo
                0x00000000       0x40 C:/Program Files (x86)/Atmel/Studio/7.0/Packs/atmel/XMEGAA_DFP/1.1.68/gcc/dev/atxmega32a4u/avrxmega2/crtatxmega32a4u.o

.note.gnu.build-id
 *(.note.gnu.build-id)

.debug
 *(.debug)

.line
 *(.line)

.debug_srcinfo
 *(.debug_srcinfo)

.debug_sfnames
 *(.debug_sfnames)

.debug_aranges  0x00000000      0x3d0
 *(.debug_aranges)
 .debug_aranges
                0x00000000       0x20 src/ASF/common/utils/stdio/read.o
 .debug_aranges
                0x00000020       0x48 src/ASF/xmega/drivers/adc/adc.o
 .debug_aranges
                0x00000068       0x40 src/ASF/xmega/drivers/twi/twim.o
 .debug_aranges
                0x000000a8       0x58 src/ASF/xmega/drivers/usart/usart.o
 .debug_aranges
                0x00000100       0x28 src/Drivers/adc.o
 .debug_aranges
                0x00000128       0x50 src/Drivers/imu.o
 .debug_aranges
                0x00000178       0x30 src/Drivers/MahonyAHRS.o
 .debug_aranges
                0x000001a8       0xa8 src/Drivers/mpu9250.o
 .debug_aranges
                0x00000250       0x30 src/Drivers/uart.o
 .debug_aranges
                0x00000280       0x58 src/ASF/xmega/drivers/adc/xmega_aau/adc_aau.o
 .debug_aranges
                0x000002d8       0x20 src/ASF/common/utils/stdio/write.o
 .debug_aranges
                0x000002f8       0x40 src/ASF/common/services/clock/xmega/sysclk.o
 .debug_aranges
                0x00000338       0x28 src/ASF/xmega/drivers/nvm/nvm_asm.o
 .debug_aranges
                0x00000360       0x20 src/ASF/xmega/drivers/cpu/ccp.o
 .debug_aranges
                0x00000380       0x20 src/ASF/common/boards/user_board/init.o
 .debug_aranges
                0x000003a0       0x30 src/main.o

.debug_pubnames
 *(.debug_pubnames)

.debug_info     0x00000000     0xff18
 *(.debug_info .gnu.linkonce.wi.*)
 .debug_info    0x00000000     0x284f C:/Program Files (x86)/Atmel/Studio/7.0/Packs/atmel/XMEGAA_DFP/1.1.68/gcc/dev/atxmega32a4u/avrxmega2/crtatxmega32a4u.o
 .debug_info    0x0000284f      0x119 src/ASF/common/utils/stdio/read.o
 .debug_info    0x00002968      0xa3a src/ASF/xmega/drivers/adc/adc.o
 .debug_info    0x000033a2      0x90a src/ASF/xmega/drivers/twi/twim.o
 .debug_info    0x00003cac     0x2d63 src/ASF/xmega/drivers/usart/usart.o
 .debug_info    0x00006a0f      0x809 src/Drivers/adc.o
 .debug_info    0x00007218      0xa72 src/Drivers/imu.o
 .debug_info    0x00007c8a      0x503 src/Drivers/MahonyAHRS.o
 .debug_info    0x0000818d     0x1e63 src/Drivers/mpu9250.o
 .debug_info    0x00009ff0     0x207f src/Drivers/uart.o
 .debug_info    0x0000c06f      0xd2a src/ASF/xmega/drivers/adc/xmega_aau/adc_aau.o
 .debug_info    0x0000cd99      0x119 src/ASF/common/utils/stdio/write.o
 .debug_info    0x0000ceb2      0x83b src/ASF/common/services/clock/xmega/sysclk.o
 .debug_info    0x0000d6ed       0x6f src/ASF/xmega/drivers/nvm/nvm_asm.o
 .debug_info    0x0000d75c       0x6f src/ASF/xmega/drivers/cpu/ccp.o
 .debug_info    0x0000d7cb      0x1d3 src/ASF/common/boards/user_board/init.o
 .debug_info    0x0000d99e     0x257a src/main.o

.debug_abbrev   0x00000000     0x47d3
 *(.debug_abbrev)
 .debug_abbrev  0x00000000     0x262c C:/Program Files (x86)/Atmel/Studio/7.0/Packs/atmel/XMEGAA_DFP/1.1.68/gcc/dev/atxmega32a4u/avrxmega2/crtatxmega32a4u.o
 .debug_abbrev  0x0000262c       0xc5 src/ASF/common/utils/stdio/read.o
 .debug_abbrev  0x000026f1      0x2a7 src/ASF/xmega/drivers/adc/adc.o
 .debug_abbrev  0x00002998      0x2e9 src/ASF/xmega/drivers/twi/twim.o
 .debug_abbrev  0x00002c81      0x3f5 src/ASF/xmega/drivers/usart/usart.o
 .debug_abbrev  0x00003076      0x26a src/Drivers/adc.o
 .debug_abbrev  0x000032e0      0x31b src/Drivers/imu.o
 .debug_abbrev  0x000035fb       0xe6 src/Drivers/MahonyAHRS.o
 .debug_abbrev  0x000036e1      0x3b7 src/Drivers/mpu9250.o
 .debug_abbrev  0x00003a98      0x30b src/Drivers/uart.o
 .debug_abbrev  0x00003da3      0x320 src/ASF/xmega/drivers/adc/xmega_aau/adc_aau.o
 .debug_abbrev  0x000040c3       0xa7 src/ASF/common/utils/stdio/write.o
 .debug_abbrev  0x0000416a      0x241 src/ASF/common/services/clock/xmega/sysclk.o
 .debug_abbrev  0x000043ab       0x12 src/ASF/xmega/drivers/nvm/nvm_asm.o
 .debug_abbrev  0x000043bd       0x14 src/ASF/xmega/drivers/cpu/ccp.o
 .debug_abbrev  0x000043d1       0xdc src/ASF/common/boards/user_board/init.o
 .debug_abbrev  0x000044ad      0x326 src/main.o

.debug_line     0x00000000     0x8389
 *(.debug_line .debug_line.* .debug_line_end)
 .debug_line    0x00000000      0x391 C:/Program Files (x86)/Atmel/Studio/7.0/Packs/atmel/XMEGAA_DFP/1.1.68/gcc/dev/atxmega32a4u/avrxmega2/crtatxmega32a4u.o
 .debug_line    0x00000391      0x3d2 src/ASF/common/utils/stdio/read.o
 .debug_line    0x00000763      0x786 src/ASF/xmega/drivers/adc/adc.o
 .debug_line    0x00000ee9      0x624 src/ASF/xmega/drivers/twi/twim.o
 .debug_line    0x0000150d      0xc0b src/ASF/xmega/drivers/usart/usart.o
 .debug_line    0x00002118      0xaa8 src/Drivers/adc.o
 .debug_line    0x00002bc0      0xc10 src/Drivers/imu.o
 .debug_line    0x000037d0      0x393 src/Drivers/MahonyAHRS.o
 .debug_line    0x00003b63     0x11d0 src/Drivers/mpu9250.o
 .debug_line    0x00004d33      0xab4 src/Drivers/uart.o
 .debug_line    0x000057e7      0x8d1 src/ASF/xmega/drivers/adc/xmega_aau/adc_aau.o
 .debug_line    0x000060b8      0x3d9 src/ASF/common/utils/stdio/write.o
 .debug_line    0x00006491      0x6a7 src/ASF/common/services/clock/xmega/sysclk.o
 .debug_line    0x00006b38      0x11f src/ASF/xmega/drivers/nvm/nvm_asm.o
 .debug_line    0x00006c57       0x6e src/ASF/xmega/drivers/cpu/ccp.o
 .debug_line    0x00006cc5      0xa02 src/ASF/common/boards/user_board/init.o
 .debug_line    0x000076c7      0xcc2 src/main.o

.debug_frame    0x00000000      0xd70
 *(.debug_frame)
 .debug_frame   0x00000000       0x34 src/ASF/common/utils/stdio/read.o
 .debug_frame   0x00000034       0xbc src/ASF/xmega/drivers/adc/adc.o
 .debug_frame   0x000000f0      0x110 src/ASF/xmega/drivers/twi/twim.o
 .debug_frame   0x00000200      0x14c src/ASF/xmega/drivers/usart/usart.o
 .debug_frame   0x0000034c       0x50 src/Drivers/adc.o
 .debug_frame   0x0000039c      0x144 src/Drivers/imu.o
 .debug_frame   0x000004e0      0x11c src/Drivers/MahonyAHRS.o
 .debug_frame   0x000005fc      0x350 src/Drivers/mpu9250.o
 .debug_frame   0x0000094c       0x60 src/Drivers/uart.o
 .debug_frame   0x000009ac      0x284 src/ASF/xmega/drivers/adc/xmega_aau/adc_aau.o
 .debug_frame   0x00000c30       0x24 src/ASF/common/utils/stdio/write.o
 .debug_frame   0x00000c54       0xa4 src/ASF/common/services/clock/xmega/sysclk.o
 .debug_frame   0x00000cf8       0x24 src/ASF/common/boards/user_board/init.o
 .debug_frame   0x00000d1c       0x54 src/main.o

.debug_str      0x00000000    0x2e1bd
 *(.debug_str)
 .debug_str     0x00000000     0x1aa8 C:/Program Files (x86)/Atmel/Studio/7.0/Packs/atmel/XMEGAA_DFP/1.1.68/gcc/dev/atxmega32a4u/avrxmega2/crtatxmega32a4u.o
 .debug_str     0x00001aa8    0x25f77 src/ASF/common/utils/stdio/read.o
                              0x265c7 (size before relaxing)
 .debug_str     0x00027a1f     0x211c src/ASF/xmega/drivers/adc/adc.o
                              0x2871b (size before relaxing)
 .debug_str     0x00029b3b      0x5b1 src/ASF/xmega/drivers/twi/twim.o
                              0x26c4c (size before relaxing)
 .debug_str     0x0002a0ec     0x121c src/ASF/xmega/drivers/usart/usart.o
                              0x29074 (size before relaxing)
 .debug_str     0x0002b308     0x1144 src/Drivers/adc.o
                              0x29cd6 (size before relaxing)
 .debug_str     0x0002c44c     0x1333 src/Drivers/imu.o
                              0x2ac69 (size before relaxing)
 .debug_str     0x0002d77f      0x12c src/Drivers/MahonyAHRS.o
                               0x304b (size before relaxing)
 .debug_str     0x0002d8ab      0x300 src/Drivers/mpu9250.o
                              0x2ac0b (size before relaxing)
 .debug_str     0x0002dbab      0x1b3 src/Drivers/uart.o
                              0x2a363 (size before relaxing)
 .debug_str     0x0002dd5e      0x13c src/ASF/xmega/drivers/adc/xmega_aau/adc_aau.o
                              0x28990 (size before relaxing)
 .debug_str     0x0002de9a       0x26 src/ASF/common/utils/stdio/write.o
                              0x265c9 (size before relaxing)
 .debug_str     0x0002dec0      0x232 src/ASF/common/services/clock/xmega/sysclk.o
                              0x27d28 (size before relaxing)
 .debug_str     0x0002e0f2       0x36 src/ASF/common/boards/user_board/init.o
                              0x296aa (size before relaxing)
 .debug_str     0x0002e128       0x95 src/main.o
                              0x2b4d6 (size before relaxing)

.debug_loc      0x00000000     0x535d
 *(.debug_loc)
 .debug_loc     0x00000000       0x6e src/ASF/common/utils/stdio/read.o
 .debug_loc     0x0000006e      0x25b src/ASF/xmega/drivers/adc/adc.o
 .debug_loc     0x000002c9      0x4b4 src/ASF/xmega/drivers/twi/twim.o
 .debug_loc     0x0000077d      0xdfa src/ASF/xmega/drivers/usart/usart.o
 .debug_loc     0x00001577       0xac src/Drivers/adc.o
 .debug_loc     0x00001623      0x3a7 src/Drivers/imu.o
 .debug_loc     0x000019ca      0xdc5 src/Drivers/MahonyAHRS.o
 .debug_loc     0x0000278f     0x1934 src/Drivers/mpu9250.o
 .debug_loc     0x000040c3      0x15b src/Drivers/uart.o
 .debug_loc     0x0000421e      0x993 src/ASF/xmega/drivers/adc/xmega_aau/adc_aau.o
 .debug_loc     0x00004bb1       0x52 src/ASF/common/utils/stdio/write.o
 .debug_loc     0x00004c03      0x301 src/ASF/common/services/clock/xmega/sysclk.o
 .debug_loc     0x00004f04      0x459 src/main.o

.debug_macinfo
 *(.debug_macinfo)

.debug_weaknames
 *(.debug_weaknames)

.debug_funcnames
 *(.debug_funcnames)

.debug_typenames
 *(.debug_typenames)

.debug_varnames
 *(.debug_varnames)

.debug_pubtypes
 *(.debug_pubtypes)

.debug_ranges   0x00000000      0x330
 *(.debug_ranges)
 .debug_ranges  0x00000000       0x10 src/ASF/common/utils/stdio/read.o
 .debug_ranges  0x00000010       0x38 src/ASF/xmega/drivers/adc/adc.o
 .debug_ranges  0x00000048       0x60 src/ASF/xmega/drivers/twi/twim.o
 .debug_ranges  0x000000a8       0x80 src/ASF/xmega/drivers/usart/usart.o
 .debug_ranges  0x00000128       0x18 src/Drivers/adc.o
 .debug_ranges  0x00000140       0x40 src/Drivers/imu.o
 .debug_ranges  0x00000180       0x20 src/Drivers/MahonyAHRS.o
 .debug_ranges  0x000001a0       0x98 src/Drivers/mpu9250.o
 .debug_ranges  0x00000238       0x20 src/Drivers/uart.o
 .debug_ranges  0x00000258       0x48 src/ASF/xmega/drivers/adc/xmega_aau/adc_aau.o
 .debug_ranges  0x000002a0       0x10 src/ASF/common/utils/stdio/write.o
 .debug_ranges  0x000002b0       0x30 src/ASF/common/services/clock/xmega/sysclk.o
 .debug_ranges  0x000002e0       0x20 src/ASF/xmega/drivers/nvm/nvm_asm.o
 .debug_ranges  0x00000300       0x10 src/ASF/common/boards/user_board/init.o
 .debug_ranges  0x00000310       0x20 src/main.o

.debug_macro    0x00000000     0xbd17
 *(.debug_macro)
 .debug_macro   0x00000000      0x16d src/ASF/common/utils/stdio/read.o
 .debug_macro   0x0000016d      0xa60 src/ASF/common/utils/stdio/read.o
 .debug_macro   0x00000bcd       0x10 src/ASF/common/utils/stdio/read.o
 .debug_macro   0x00000bdd      0x1c9 src/ASF/common/utils/stdio/read.o
 .debug_macro   0x00000da6      0x2fc src/ASF/common/utils/stdio/read.o
 .debug_macro   0x000010a2       0x9e src/ASF/common/utils/stdio/read.o
 .debug_macro   0x00001140     0x58bc src/ASF/common/utils/stdio/read.o
 .debug_macro   0x000069fc       0x9a src/ASF/common/utils/stdio/read.o
 .debug_macro   0x00006a96       0xf1 src/ASF/common/utils/stdio/read.o
 .debug_macro   0x00006b87       0x34 src/ASF/common/utils/stdio/read.o
 .debug_macro   0x00006bbb       0x16 src/ASF/common/utils/stdio/read.o
 .debug_macro   0x00006bd1       0x18 src/ASF/common/utils/stdio/read.o
 .debug_macro   0x00006be9       0x5e src/ASF/common/utils/stdio/read.o
 .debug_macro   0x00006c47       0x10 src/ASF/common/utils/stdio/read.o
 .debug_macro   0x00006c57       0x22 src/ASF/common/utils/stdio/read.o
 .debug_macro   0x00006c79      0x16d src/ASF/common/utils/stdio/read.o
 .debug_macro   0x00006de6       0x1c src/ASF/common/utils/stdio/read.o
 .debug_macro   0x00006e02       0x35 src/ASF/common/utils/stdio/read.o
 .debug_macro   0x00006e37       0x66 src/ASF/common/utils/stdio/read.o
 .debug_macro   0x00006e9d      0x6d7 src/ASF/common/utils/stdio/read.o
 .debug_macro   0x00007574       0x96 src/ASF/common/utils/stdio/read.o
 .debug_macro   0x0000760a       0x17 src/ASF/common/utils/stdio/read.o
 .debug_macro   0x00007621      0x250 src/ASF/common/utils/stdio/read.o
 .debug_macro   0x00007871       0x76 src/ASF/common/utils/stdio/read.o
 .debug_macro   0x000078e7       0x16 src/ASF/common/utils/stdio/read.o
 .debug_macro   0x000078fd      0x6d9 src/ASF/common/utils/stdio/read.o
 .debug_macro   0x00007fd6       0x10 src/ASF/common/utils/stdio/read.o
 .debug_macro   0x00007fe6      0x175 src/ASF/common/utils/stdio/read.o
 .debug_macro   0x0000815b       0x40 src/ASF/common/utils/stdio/read.o
 .debug_macro   0x0000819b       0x69 src/ASF/common/utils/stdio/read.o
 .debug_macro   0x00008204       0x31 src/ASF/common/utils/stdio/read.o
 .debug_macro   0x00008235       0xe4 src/ASF/common/utils/stdio/read.o
 .debug_macro   0x00008319      0x23a src/ASF/xmega/drivers/adc/adc.o
 .debug_macro   0x00008553       0x10 src/ASF/xmega/drivers/adc/adc.o
 .debug_macro   0x00008563       0x20 src/ASF/xmega/drivers/adc/adc.o
 .debug_macro   0x00008583       0x10 src/ASF/xmega/drivers/adc/adc.o
 .debug_macro   0x00008593       0x42 src/ASF/xmega/drivers/adc/adc.o
 .debug_macro   0x000085d5       0x22 src/ASF/xmega/drivers/adc/adc.o
 .debug_macro   0x000085f7      0x2c3 src/ASF/xmega/drivers/adc/adc.o
 .debug_macro   0x000088ba       0x64 src/ASF/xmega/drivers/adc/adc.o
 .debug_macro   0x0000891e       0x2f src/ASF/xmega/drivers/adc/adc.o
 .debug_macro   0x0000894d      0x154 src/ASF/xmega/drivers/adc/adc.o
 .debug_macro   0x00008aa1       0xe3 src/ASF/xmega/drivers/adc/adc.o
 .debug_macro   0x00008b84      0x198 src/ASF/xmega/drivers/twi/twim.o
 .debug_macro   0x00008d1c       0x16 src/ASF/xmega/drivers/twi/twim.o
 .debug_macro   0x00008d32       0x22 src/ASF/xmega/drivers/twi/twim.o
 .debug_macro   0x00008d54       0x10 src/ASF/xmega/drivers/twi/twim.o
 .debug_macro   0x00008d64      0x22c src/ASF/xmega/drivers/usart/usart.o
 .debug_macro   0x00008f90      0x302 src/ASF/xmega/drivers/usart/usart.o
 .debug_macro   0x00009292       0x34 src/ASF/xmega/drivers/usart/usart.o
 .debug_macro   0x000092c6       0x7c src/ASF/xmega/drivers/usart/usart.o
 .debug_macro   0x00009342      0x102 src/ASF/xmega/drivers/usart/usart.o
 .debug_macro   0x00009444      0x3a4 src/Drivers/adc.o
 .debug_macro   0x000097e8       0x34 src/Drivers/adc.o
 .debug_macro   0x0000981c       0x28 src/Drivers/adc.o
 .debug_macro   0x00009844       0x22 src/Drivers/adc.o
 .debug_macro   0x00009866       0x40 src/Drivers/adc.o
 .debug_macro   0x000098a6       0x2e src/Drivers/adc.o
 .debug_macro   0x000098d4       0x58 src/Drivers/adc.o
 .debug_macro   0x0000992c       0x10 src/Drivers/adc.o
 .debug_macro   0x0000993c       0xf2 src/Drivers/adc.o
 .debug_macro   0x00009a2e       0x3a src/Drivers/adc.o
 .debug_macro   0x00009a68       0x28 src/Drivers/adc.o
 .debug_macro   0x00009a90      0x3be src/Drivers/imu.o
 .debug_macro   0x00009e4e      0x166 src/Drivers/imu.o
 .debug_macro   0x00009fb4       0x60 src/Drivers/imu.o
 .debug_macro   0x0000a014      0x356 src/Drivers/imu.o
 .debug_macro   0x0000a36a       0x10 src/Drivers/imu.o
 .debug_macro   0x0000a37a       0x16 src/Drivers/imu.o
 .debug_macro   0x0000a390       0x35 src/Drivers/MahonyAHRS.o
 .debug_macro   0x0000a3c5      0x3a9 src/Drivers/mpu9250.o
 .debug_macro   0x0000a76e      0x350 src/Drivers/mpu9250.o
 .debug_macro   0x0000aabe      0x3a3 src/Drivers/uart.o
 .debug_macro   0x0000ae61       0x34 src/Drivers/uart.o
 .debug_macro   0x0000ae95      0x23a src/ASF/xmega/drivers/adc/xmega_aau/adc_aau.o
 .debug_macro   0x0000b0cf      0x16d src/ASF/common/utils/stdio/write.o
 .debug_macro   0x0000b23c      0x1e6 src/ASF/common/services/clock/xmega/sysclk.o
 .debug_macro   0x0000b422       0x26 src/ASF/common/services/clock/xmega/sysclk.o
 .debug_macro   0x0000b448      0x39a src/ASF/common/boards/user_board/init.o
 .debug_macro   0x0000b7e2      0x3d5 src/main.o
 .debug_macro   0x0000bbb7      0x160 src/main.o
OUTPUT(EFM.elf elf32-avr)
LOAD linker stubs
